First building id/name, followed by Enter: Second building id/name, followed by Enter: 
Unknown building: [INVALID]
First building id/name, followed by Enter: Second building id/name, followed by Enter: Unknown building: [INVALID]
First building id/name, followed by Enter: Second building id/name, followed by Enter: Unknown building: [INVALID1]
Unknown building: [INVALID2]
First building id/name, followed by Enter: Second building id/name, followed by Enter: Unknown building: [INVALID]
